    \Filament\Forms\Components\TextInput::make('test')
        ->formatStateUsing(fn ($state, \Illuminate\Database\Eloquent\Model $record, \Workbench\App\Casts\CustomCast $caster): string => ($caster->set($record, 'test', $state, $record->toArray()) ?? ''))
        ->dehydrateStateUsing(fn ($state, \Illuminate\Database\Eloquent\Model $record, \Workbench\App\Casts\CustomCast $caster): mixed => ($caster->get($record, 'test', $state, $record->toArray()) ?? '')),